---
source: plasm-oss/crates/plasm/tests/plasm_cli_server_insta.rs
expression: h.norm(&combined_output(&new_ctx))
---
status: exit status: 0
stdout:
plasm_expr	Meaning
v2	int
v4	select · auto, keyword, natural
v5	str
v6	ref:Profile · int
v3	select · all, ocr, audio, ui
v1	date
app_name	v5
end_time	v1
limit	v2
max_length	v2
min_length	v2
mode	v4
offset	v2
profile_id	v6
query	v5
start_time	v1
window_name	v5
id	v5
e1{profile_id=$, query=$, limit=$, mode=$}[id]	↣ [e1] · projection · A hit from full-text or profile-scoped search over captured OCR, transcripts, and UI text
e1{profile_id=$, query=$, limit=$, mode=$}	↣ [e1] · optional: limit,mode,query
e1~"text"	↣ [e1]
e1~"text"{content_type=$, limit=$, offset=$, start_time=$, end_time=$, app_name=$, window_name=$, min_length=$, max_length=$}	↣ [e1] · optional: app_name,content_type,end_time,limit,max_length,min_length,offset,start_time…

stderr:
Active context: overshow:RecordedContent
mirror: .plasm/s/SESSION8/out/NNNN-context/wave.tsv (+22 rows)
