---
source: crates/plasm/tests/plasm_cli_server_insta.rs
expression: tsv2
---
intent	recorded content
row	api	entity	description
1	overshow	RecordedContent	A hit from full-text or profile-scoped search over captured OCR, transcripts, and UI text.
2	overshow	Profile	A person, organisation, or project profile.
3	overshow	CaptureItem	One capture pipeline item.
4	overshow	DetectedQuestion	A detected question with optional answers.
5	overshow	Meeting	A detected meeting.
6	overshow	PipelineEvent	One pipeline bus event.
