---
source: plasm-oss/crates/plasm/tests/plasm_cli_server_insta.rs
expression: h.norm(&combined_output(&ctx))
---
status: exit status: 0
stdout:
plasm_expr	Meaning
v2	int
v5	select · person, organisation, project
limit	v2
profile_type	v5
id	v2
r1	recorded_matches · Content scoped to this profile
e1[id]	↣ e1 · projection · A person, organisation, or project profile
e1{profile_type=$, limit=$}	↣ [e1] · optional: limit,profile_type
e1(id)	→ e1
e1{profile_type=$, limit=$}.r1	relation e1 ↣ [e2]
v4	select · auto, keyword, natural
v6	str
v7	ref:Profile · int
v3	select · all, ocr, audio, ui
v1	date
app_name	v6
end_time	v1
max_length	v2
min_length	v2
mode	v4
offset	v2
profile_id	v7
query	v6
start_time	v1
window_name	v6
id	v6
e2{profile_id=e1(id), query=$, limit=$, mode=$}[id]	↣ [e2] · projection · A hit from full-text or profile-scoped search over captured OCR, transcripts, and UI text
e2{profile_id=e1(id), query=$, limit=$, mode=$}	↣ [e2] · optional: limit,mode,query
e2~"text"	↣ [e2]
e2~"text"{content_type=$, limit=$, offset=$, start_time=$, end_time=$, app_name=$, window_name=$, min_length=$, max_length=$}	↣ [e2] · optional: app_name,content_type,end_time,limit,max_length,min_length,offset,start_time…

stderr:
Active context: overshow:Profile, overshow:RecordedContent
mirror: .plasm/s/SESSION8/out/NNNN-context/wave.tsv (+30 rows)
