---
source: crates/plasm/tests/plasm_cli_server_insta.rs
expression: h.norm(&combined_output(&search1))
---
status: exit status: 0
stdout:
```tsv
# Plasm is a source language. These rows are NOT a program.
# Next: pass selected api/entity rows to plasm_context.seeds, then write plasm.program using returned e#/m#/r# symbols and catalog wire names.
# Catalogs with Get but no Search teach identity get (e#(id_field=…)) after plasm_context — not e#~"text" search syntax.
# decision: match
api	entity	description	outgoing_relations
overshow	Profile	A person, organisation, or project profile.	recorded_matches→RecordedContent
overshow	RecordedContent	A hit from full-text or profile-scoped search over captured OCR, transcripts, and UI text.	
overshow	CaptureItem	One capture pipeline item.	
overshow	DetectedQuestion	A detected question with optional answers.	
overshow	Meeting	A detected meeting.	
overshow	PipelineEvent	One pipeline bus event.	
```


stderr:
discovery cache: .plasm/hosts/HOST_SLUG/discovery.tsv
