---
source: crates/plasm/tests/plasm_cli_server_insta.rs
expression: tsv2
---
intent	recorded content
row	api	entity	description
1	api	entity	description	outgoing_relations
2	overshow	RecordedContent	A hit from full-text or profile-scoped search over captured OCR, transcripts, and UI text.
3	overshow	Profile	A person, organisation, or project profile.	recorded_matches→RecordedContent
4	overshow	CaptureItem	One capture pipeline item.
5	overshow	DetectedQuestion	A detected question with optional answers.
6	overshow	Meeting	A detected meeting.
7	overshow	PipelineEvent	One pipeline bus event.
