---
source: plasm-oss/crates/plasm/tests/plasm_cli_server_insta.rs
expression: h.mirror_layout_snapshot()
---
tree:
current:
SESSION8
session_dir: s/SESSION8/
meta.txt: present
client_session_id SESSION8
intent profile query
catalog overshow DIGEST64
capability overshow Profile
capability overshow RecordedContent
symbols.json: present
teaching.tsv: present
plasm_expr	Meaning
v2	int
v5	select · person, organisation, project
limit	v2
profile_type	v5
id	v2
r1	recorded_matches · Content scoped to this profile
e1[id]	↣ e1 · projection · A person, organisation, or project profile
e1{profile_type=$, limit=$}	↣ [e1] · optional: limit,profile_type
e1(id)	→ e1
e1{profile_type=$, limit=$}.r1	relation e1 ↣ [e2]
v4	select · auto, keyword, natural
latest: present
out/NNNN-context
out/: 0001-context
catalogs/overshow.json: present
