---
source: plasm-oss/crates/plasm-agent-core/src/mcp_server.rs
expression: context
---
**Open or extend** one logical session. Pass stable **`intent`** and non-empty **`seeds`**: each `{api, entity}` is one capability pick. Multi-API: one **`seeds`** array per goal (see MCP initialize).

Returns **`logical_session_ref`** (`s0`, …) as the first Markdown line, then the **teaching TSV** (`e#` / `m#` / `p#` / **`r#`** rows). Symbols are **session-local and append-only**; `p#` = fields/params/filters, `r#` = relation hops. Check latest TSV after append waves.

**Adding picks:** call again with **additional** `{api, entity}` rows when you discover more integrations.

**`_meta.plasm`:** may include `domain_revision`, `continuity.stale_binding_recovered`, `continuity.new_symbol_space`, `catalog_entry_ids`, and `relations` (`{wire, sym, entity, target}` per declared hop).
