---
source: crates/plasm-agent-core/src/mcp_server.rs
expression: "super::MCP_PLASM_RUN_TOOL_DESCRIPTION"
---
**Run Plasm** (live): same **`logical_session_ref`** + **`program`** (+ optional **`reasoning`**) as **`plasm`**. Real HTTP/API; may return **`resource_link`** / `_meta.plasm` snapshots.

**Live results:** `## {return_label} ({n} rows)` + TSV/table; multi-return programs use `# Results` with `### {label} ({n} rows)` per root. Truncated rows: `_meta.plasm.steps` + MCP **`resources/read`** on snapshot URIs.
