---
source: crates/plasm-agent-core/src/mcp_server/tests.rs
expression: "super::MCP_PLASM_RUN_TOOL_DESCRIPTION"
---
**Run Plasm** (live): **`logical_session_ref`** + executable **`plan_commit_ref`** (`pcN`) from a prior **`plasm`** dry-run. Do **not** echo the program. Real HTTP/API; may return **`resource_link`** / `_meta.plasm` snapshots.

**Review gate:** `plasm_run` executes exactly the reviewed plan stored under the **`plan_commit_ref`**. If the token is missing, expired, or from another plan, call **`plasm`** again.

**Expensive plans:** server spawns and awaits internally — one terminal response with TSV/table rows. Do not poll on MCP; the host returns final rows when the run completes.

**Live results:** `## {return_label} ({n} rows)` + TSV/table; multi-return programs use `# Results` with `### {label} ({n} rows)` per root. Truncated rows: `_meta.plasm.steps` + MCP **`resources/read`** on snapshot URIs — required before concluding fields are absent.
