---
source: plasm-oss/crates/plasm-core/src/prompt_render/mod.rs
expression: prompt
---
# Follow the grammar and the teaching TSV below; reply with one valid plasm_program:
#
# Output:
# - Emit only code: either one `plasm_expr`, or one multi-line `plasm_program` with bindings then final roots.
# - Do not emit prose, JSON wrappers, `return`, Markdown fences, or table rows.
# - Prefer bind → narrow/project/transform → few final roots when more than one step is needed.
#
# TSV table semantics:
# - Header is exactly `plasm_expr<TAB>Meaning`; every following row has exactly one tab delimiter.
# - Left cell is either executable syntax or metadata. Right cell is selection guidance only; never copy `Meaning` into output.
# - Executable rows start with an entity surface (`e#`/`Entity`). Metadata-only `p#`/`v#` rows define slots/value domains and are never roots.
# - `Meaning` fragments joined by ` · ` stay inside `Meaning`; they are not operators.
#
# Symbol and fill rules:
# - `e#` = entity surface; `m#` = method/action surface; `p#` = field/capability/query predicate; `r#` = declared relation navigation; `v#` = value-domain metadata only.
# - Relation hops use `.wire` or `.r#` on a row-producing receiver — never bare `p#` after `.` (`p#` in `e#{{…}}` is a filter/param).
# - Entity-ref gloss like `ref:Zone · str · Zone identifier` is type/help text, not syntax.
# - Never write `v#` inside a `plasm_expr`. Use `p#` keys in code and use `v#` rows only to understand allowed values/types.
# - `e#(p#)` identity rows use `p#` for the id slot; substitute the real wire id. `<id>`, `<value>`, `<receiver>`, and `elem` are meta-variables.
# - If a copied row contains `..`, it is an ellipsis for omitted optional keys. Remove `..` or replace it with additional `p#=<value>` assignments before final output.
# - If `Meaning` says `opt: pA, pB`, those keys may be added only as keyed assignments with real values.
# - Projection rows ending `[p#,…]` teach a valid field set. Reuse that suffix only on another expression returning the same entity or list type.
#
# Core surface:
# - Program shape: one `plasm_expr`, or `label = …` bindings then comma-separated final roots (no `return`).
# - Postfix on row producers: `.limit(N)` | `.page_size(N)` | `.sort(field[, dir])` | `.filter{…}` | `.filter(…)` | `.aggregate(specs)` | `.group_by(field, specs)` | `.dedupe(field[, …])` | `.distinct(field[, …])` | `.distinct()` | `.singleton()` | `[fields]` projection.
# - Continuations: `page(l_<token>_pgM)` | `wait(l_<token>_oM)` | `cancel(l_<token>_oM)` | review gate `pcN` on prior dry-run.
# - Teaching TSV left cells are executable surfaces (list/get/query/relation/method); copy left cells, substitute placeholders, and compose via bindings.
# - Search when exposed: `e#~$` or `e#~"text"` (bare `e#~` is invalid); optional scoped filters `e#~"text"[{p#=…}]`.
# - Field projection suffix: `[p#,…]`.
#
# Composition rules:
# - Multi-line programs: one binding per line and final roots last (preferred). Single-line space-separated bindings are coerced; default return is the first binding.
# - Postfix transforms and `[fields]` may chain on any bound node or expression that returns rows.
# - Row text: `report = rows[p#,…] <<TAG` newline template newline `TAG`; Minijinja `rows` is only that source's projected rows.
# - Compose text with `${report.content}` in later heredocs/strings; pass `binding.content` to string params, not the whole row.
# - Do not use `report.content` as a final root or relation receiver. Return `report` if you want the generated text row; continue relations only from row-producing query/relation/projection bindings.
# - Heredoc opener `<<TAG` is followed by newline; the first later line whose trimmed text is `TAG` closes it. Choose a tag not present in the body.
# - Examples: array argument `p#=[e#(<id>), …]`. Quoted strings use only `\"` and `\\` escapes.
# - Worked row-compute program (shape only — substitute `e#` / `p#` from your table below):
# items = e_source
# filtered = items.filter{p_field>=300}  # prefer bind; bare `e_source.filter{…}` list-alls first
# sorted = filtered.sort(p_field, desc)
# limited = sorted.limit(10)
# limited[p_a,p_field]
# - Worked relation + row compute (shape only — copy `.r#`/wire from your table's left column):
# parent = e_parent(p_key=<val>)
# children = parent.rN
# limited = children.limit(5)
# limited[p_a,p_b]
# - `markdown`/`html`/`document`/`json_text`/`blob` values (per `Meaning`): `<<TAG` … `TAG` only; e.g. `m#(..., p#=<<TXT` + newline body + `TXT` newline `)`.
#
# Common pitfalls:
# - Row contract: `{…}` / `~"…"{…}` inputs fetch or filter rows; only `rows:` fields from the teaching row may be used in `[fields]`, `.group_by`, `.sort`, `.dedupe`, or row `.filter` — not `inputs:` / `opt:` filter keys.
# - Fetch vs row filter: `e#{{…}}` filters at HTTP; `binding.filter{{…}}` or `binding.filter(…)` filters materialized rows. Not `rows{{…}}` on a label.
# - Prefer `label = e#` then `label.filter{{…}}`; bare `e#.filter{{…}}` implies list-all first (unbounded read warning).
# - `group_by(key, count=count)`; bare `group_by(key)` means `count=count`. Multi-key: `group_by(k1, k2, n=count)`.
# - Binding `=>`: only `rows => {{ k: _.field }}` (derive) or `rows => e1(…).update(…)` (for_each). Child reads: `labels = issues.r#` or `issues.labels` — not `issues => e2(…)`. Row text: `rows <<TAG`, not `=>`.
# - Homograph / gloss: filter `p#` and relation `.r#`/wire may share a wire name — fanout via `.r#`/wire (`labels = issues.p#` forgiven when the binding name matches). Copy executable left cells, not `Meaning` arrow gloss (`relation e3 → e2`).
# - Fill-ins: never emit `$` from teaching rows; substitute real ids, filter keys, and `e#~"text"` terms before execute.
# - Search operand: `e#~$` or `e#~"text"` required — bare `e#~` is a parse error.
# - Search-only entities (no query capability): there is no `e#{}` list-all — use scoped `e#{p#=…}` filters and/or `e#~$` / `e#~"text"` search.
# Worked search-only shape: `items = e#~$` then narrow with row postfix on `items` using **`rows:` fields only**.
#

plasm_expr	Meaning
v13	ref:Issue · str · Issue anchor
v2	uuid
v27	markdown
p12	v11 · identifier
p16	v13 · issue
p3	v2 · id
p36	v27 · body
e1{p16=e5(p12)}[p3,p36]	→ [e1] · projection · A comment on an issue
e1.m2(p16=e5(p12), p36=$)	→ e1 · Add a comment on an issue
e1{p16=e5(p12)}[p3,p36]	→ [e1] · inputs: p16 · rows: p3,p36
e1{p16=e5(p12)}.r1	relation e1 → e5
v24	str · Team short key
v4	ref:Cycle
v5	float
v6	str
p33	v24 · team_key
p6	v4 · id
p7	v5 · number
p8	v6 · startsAt
p4	v6 · endsAt
e2{p33=$}[p6,p7,p8,p4]	→ [e2] · projection · A time-boxed iteration on a team
e2{p33=$}[p6,p7,p8,p4]	→ [e2] · inputs: p33 · rows: p6,p7,p8,p4
e2(p6)	→ e2
e2{p33=$}.p6	relation e2 → e2
e2{p33=$}.r2	relation e2 → e10
p9	v2 · id
p46	v6 · title
e3(p9)[p9,p46]	→ e3 · projection · A Linear document
e3(p9)	→ e3
e3(p9).m7()	→ e3 · opt: p46, p37 · Update document title or content
e3~"text"[p9,p46]	→ [e3] · rows: p9,p46
p10	v2 · id
p43	v6 · name
e4[p10,p43]	→ e4 · projection · A strategic initiative grouping projects
e4(p10).m10()	→ e4 · opt: p43, p38 · Update initiative name or description
e4[p10,p43]	→ [e4] · rows: p10,p43
e4(p10)	→ e4
v11	str · Human-visible issue key
v12	int · Linear priority 0–4 (1 urgent, 4 low)
v22	str · Workflow column name
v9	ref:Team · str · Owning team
p1	v6 · assignee_name
p5	v4 · cycle
p11	v9 · team
p20	v6 · label_name
p30	v22 · state_name
p32	v24 · key
p44	v6 · project_name
p14	v2 · id
p15	v12 · priority
p35	v5 · estimate
p41	v6 · dueDate
e1{p16=e5(p12)}.r1[p14,p12,p46,p38,p15,p35,p41]	→ e5 · projection · A Linear work item
e5(p12)	→ e5
e5(p12).m12()	→ e5 · Move an issue to trash (recoverable)
e5(p12).m15()	→ e5 · opt: p46, p38, p30, p1, p44, p19, p22, p15 · Change issue workflow, ownership, labels, or priority
e5.m11(p11=e10(p32), p46=$,..)	→ e5 · opt: p38, p30, p1, p44, p13, p15 · Create an issue
e5~"text"[p12,p46,p15,p33]	→ [e5] · rows: p12,p46,p15,p33 · opt: p33, p30, p20, p1, p15, p44, p5
e5~"text"{p33=$, p30=$, p20=$, p1=$, p15=$, p44=$, p5=e2(p6)}[p12,p46,p15,p33]	→ [e5] · inputs: p33,p30,p20,p1,p15,p44,p5 · rows: p12,p46,p15,p33 · opt: p33, p30, p20, p1, p15, p44, p5
e5(p12).r10	relation e5 → e11
e5(p12).r5	relation e5 → [e5]
e5(p12).r3	relation e5 → [e1]
e5(p12).r4	relation e5 → e2
p21	v6 · name
p39	v6 · color
e6[p21,p39]	→ e6 · projection · An issue label
e6[p21,p39]	→ [e6] · rows: p21,p39
p23	v2 · id
p26	v6 · slugId
e7[p23,p43,p26]	→ e7 · projection · A Linear project
e7(p23).m21()	→ e7 · opt: p43, p38 · Update project name or description
e7.m17(p43=$, p11=e10(p32),..)	→ e7 · opt: p38 · Create a project on a team
e7[p23,p43,p26]	→ [e7] · rows: p23,p43,p26
e7(p23)	→ e7
e7~"text"[p23,p43,p26]	→ [e7] · rows: p23,p43,p26
p24	v2 · project
p25	v2 · id
e8{p24=$}[p25,p43]	→ [e8] · projection · A milestone on a project
e8(p25).m24()	→ e8 · opt: p43, p38 · Update a project milestone
e8.m22(p24=$, p43=$,..)	→ e8 · opt: p38 · Create a milestone on a project
e8{p24=$}[p25,p43]	→ [e8] · inputs: p24 · rows: p25,p43
e8{p24=$}.r12	relation e8 → e7
v20	select · onTrack, atRisk, offTrack
p28	v2 · id
p27	v20 · health
e9{p24=$}[p28,p36,p27]	→ [e9] · projection · A status update posted on a project
e9.m25(p24=$, p36=$,..)	→ e9 · opt: p27 · Post a project status update
e9{p24=$}[p28,p36,p27]	→ [e9] · inputs: p24 · rows: p28,p36,p27
e9{p24=$}.r13	relation e9 → e7
p31	v2 · id
e10[p31,p32,p43]	→ e10 · projection · A Linear team (workspace grouping)
e10[p32,p43]	→ [e10] · rows: p32,p43
p34	v2 · id
p40	v6 · displayName
p42	v6 · email
e5(p12).r10[p34,p43,p40,p42]	→ e11 · projection · A Linear user
e11.m30()	→ e11
e11~"text"[p34,p40]	→ [e11] · rows: p34,p40
p47	v2 · id
p29	v22 · name
p48	v6 · type
e12{p33=$}[p47,p29,p48]	→ [e12] · projection · A workflow column for a team
e12{p33=$}[p47,p29,p48]	→ [e12] · inputs: p33 · rows: p47,p29,p48
