---
source: crates/plasm-core/src/prompt_render/tests.rs
expression: prompt
---
plasm_expr	Meaning
v2	int
v1	select · ui, ocr, audio, document
v7	str
v4	date
p3	v7 · app_name
p4	v4 · end_time
p5	v2 · limit
p6	v4 · start_time
p2	v2 · id
p1	v1 · content_type
p7	v7 · text_preview
e1[p2,p1,p7]	→ e1 · projection · One capture pipeline item
e1(p2=$, p1=$)	→ e1
e1{p5=$, p3=$, p6=$, p4=$}	→ [e1] · inputs: p5,p3,p6,p4 · optional
v9	bool
p8	v7 · id
p9	v9 · screen_capture_running
e2(p8)[p8,p9]	→ e2 · projection · Capture running or paused
e2.m3()	→ e2
v18	markdown
v14	float
p11	v7 · app_name
p12	v9 · include_answers
p13	v2 · limit
p14	v14 · min_answer_similarity
p15	v2 · offset
p16	v2 · speaker_id
p17	v9 · unresolved_only
p10	v7 · id
p18	v18 · question_text
p19	v9 · resolved
e3[p10,p18,p19]	→ e3 · projection · A detected question with optional answers
e3{p17=$, p11=$, p16=$, p12=$, p14=$, p13=$, p15=$}	→ [e3] · inputs: p17,p11,p16,p12,p14,p13,p15 · optional
v26	select · active, ended, cancelled
p22	v4 · end_date
p23	v2 · limit
p24	v4 · start_date
p25	v26 · status
p21	v7 · meeting_uuid
p20	v2 · meeting_id
p26	v26 · status
p27	v18 · summary
e4[p21,p20,p26,p27]	→ e4 · projection · A detected meeting
e4{p25=$, p24=$, p22=$, p23=$}	→ [e4] · inputs: p25,p24,p22,p23 · optional
e4(p21)	→ e4
v34	select · debug, info, warning, error, critical
p30	v2 · limit
p31	v34 · min_severity
p32	v7 · names
p33	v7 · sources
p28	v7 · id
p29	v7 · name
p34	v34 · severity
e5[p28,p29,p34]	→ e5 · projection · One pipeline bus event
e5{p32=$, p33=$, p31=$, p30=$}	→ [e5] · inputs: p32,p33,p31,p30 · optional
p35	v7 · id
p36	v7 · workers
e6(p35)[p35,p36]	→ e6 · projection · Pipeline health snapshot
e6.m8()	→ e6
v39	select · person, organisation, project
p40	v2 · limit
p41	v39 · profile_type
p38	v2 · id
p37	v7 · display_name
p39	v39 · profile_type
r1	recorded_matches · Content scoped to this profile
e7[p38,p37,p39]	→ e7 · projection · A person, organisation, or project profile
e7{p41=$, p40=$}	→ [e7] · inputs: p41,p40 · optional
e7(p38)	→ e7
e7{p41=$, p40=$}.r1	relation e7 → [e9]
p46	v7 · slug
e8.m11(p46=$,..)	→ () · Action prompt execution result · optional · prompt-run-create
v58	ref:Profile · int
v57	select · auto, keyword, natural
v53	select · all, ocr, audio, ui
p56	v2 · limit
p57	v57 · mode
p58	v58 · profile_id
p59	v7 · query
p60	v7 · app_name
p61	v53 · content_type
p62	v4 · end_time
p63	v2 · limit
p64	v2 · max_length
p65	v2 · min_length
p66	v2 · offset
p68	v4 · start_time
p69	v7 · window_name
p54	v7 · id
p51	v7 · app_name
p52	v4 · captured_at
p53	v53 · content_type
p55	v58 · profile_id
p70	v18 · text
p71	v7 · window_name
e9{p58=e7(p38), p59=$, p56=$, p57=$}[p54,p51,p52,p53,p55,p70,p71]	→ [e9] · projection · A hit from full-text or profile-scoped search over captured OCR, transcripts, and UI text
e9{p58=e7(p38), p59=$, p56=$, p57=$}	→ [e9] · inputs: p58,p59,p56,p57 · optional
e9~"text"	→ [e9] · optional
e9~"text"{p61=$, p63=$, p66=$, p68=$, p62=$, p60=$, p69=$, p65=$, p64=$}	→ [e9] · inputs: p61,p63,p66,p68,p62,p60,p69,p65,p64 · optional
