---
source: crates/plasm-core/src/prompt_render/mod.rs
expression: render_plasm_mcp_language_frontmatter()
---
Grammar below; symbols from `plasm_context` TSV. Reply with one valid plasm_program:

Output:
- Emit only code: one `plasm_expr`, or bindings then final roots. No prose, JSON, `return`, fences, or table rows.
- Prefer bind → narrow/project/transform → few final roots.

TSV table semantics:
- Header: `plasm_expr<TAB>Meaning`; one tab per row. Left = syntax/metadata; right = guidance only (never copy `Meaning`).
- Executable rows start with `e#`/Entity; metadata-only `p#`/`v#` rows are never roots.

Symbol and fill rules:
- `e#` entity; `m#` method; `p#` field/param/filter; `r#` relation nav; `v#` value-domain metadata only.
- Relation hops: `.wire` or `.r#` on row producers — never bare `p#` after `.` (`p#` in `e#{{…}}` is filter/param).
- Never write `v#` in code; use `p#` keys and read `v#` rows for allowed values.
- `e#(p#)` identity rows: substitute real wire ids for `<id>`, `<value>`, `<receiver>`, `elem`.
- Remove `..` ellipses or replace with real `p#=` assignments before output.
- Optional keys (`opt:` in `Meaning`): add only as keyed assignments with real values.
- Projection rows ending `[p#,…]` teach a valid field set. Reuse that suffix only on another expression returning the same entity or list type.

Core surface:
- Program shape: one `plasm_expr`, or `label = …` bindings then comma-separated final roots (no `return`).
- Postfix on row producers: `.limit(N)` | `.page_size(N)` | `.sort(field[, dir])` | `.filter{…}` | `.filter(…)` | `.aggregate(specs)` | `.group_by(field, specs)` | `.dedupe(field[, …])` | `.distinct(field[, …])` | `.distinct()` | `.singleton()` | `[fields]`.
- Continuations: `page(l_<token>_pgM)` | `wait(l_<token>_oM)` | `cancel(l_<token>_oM)` | review gate `pcN` on prior dry-run.
- Copy teaching TSV left cells; substitute placeholders; compose via bindings.
- Search when exposed: `e#~$` or `e#~"text"` (bare `e#~` is invalid); optional scoped filters `e#~"text"[{p#=…}]`.
- Field projection suffix: `[p#,…]`.

Composition rules:
- One binding per line; final roots last (preferred). Single-line bindings coerced; default return is first binding.
- Postfix/`[fields]` chain on any row-producing binding or expression.
- Row text: `report = rows[p#,…] <<TAG` … `TAG`; Minijinja `rows` = that source's projected rows only.
- Pass `binding.content` to string params; compose with `${report.content}` in later heredocs/strings.
- Do not use `report.content` as a final root or relation receiver.
- Heredoc: `<<TAG` + newline; first trimmed `TAG` line closes; pick a tag absent from the body.
- Examples: array argument `p#=[e#(<id>), …]`. Quoted strings use only `\"` and `\\` escapes.
- Worked row-compute program (shape only — substitute `e#` / `p#` from your table below):
items = e_source
filtered = items.filter{p_field>=300}  # prefer bind; bare `e_source.filter{…}` list-alls first
sorted = filtered.sort(p_field, desc)
limited = sorted.limit(10)
limited[p_a,p_field]
- Worked relation + row compute (shape only — copy `.r#`/wire from your table's left column):
parent = e_parent(p_key=<val>)
children = parent.rN
limited = children.limit(5)
limited[p_a,p_b]
- `markdown`/`html`/`document`/`json_text`/`blob` values (per `Meaning`): `<<TAG` … `TAG` only; e.g. `m#(..., p#=<<TXT` + newline body + `TXT` newline `)`.

Common pitfalls:
- `[fields]`/`.group_by`/`.sort`/`.dedupe`/row `.filter` use `rows:` fields only — not `inputs:`/`opt:` filter keys.
- `e#{{…}}` filters at HTTP; `binding.filter{{…}}` filters materialized rows. Prefer `label = e#` then filter; bare `e#.filter{{…}}` list-alls first.
- `group_by(key)` ≡ `group_by(key, count=count)`; multi-key: `group_by(k1, k2, n=count)`.
- `=>` only for derive `{ k: _.field }` or `for_each` updates — not relation reads (`labels = issues.r#`).
- Homograph: relation fanout via `.r#`/wire; `labels = issues.p#` forgiven when binding name matches.
- Never emit `$` from teaching rows; substitute real ids and `e#~"text"` search terms.
- Search operand: `e#~$` or `e#~"text"` required — bare `e#~` is a parse error.
- Federated sessions: use the `e#` from the teaching row for that catalog when the same wire entity name appears in multiple APIs.
- Search-only entities (no query): no `e#{}` list-all — scoped `e#{p#=…}` and/or `e#~"text"`.
