---
source: crates/plasm-core/src/prompt_render/mod.rs
expression: out
---
plasm_expr	Meaning
v2	str · Type name (unique key)
v1	int · Numeric type identifier
v3	str · API resource URL
p2	v2 · name
p1	v1 · id
p3	v3 · url
e1[p2,p1,p3]	→ e1 · projection · An elemental type
e1	→ [e1]
e1(p2)	→ e1
e1.r1	relation e1 → Generation · Generation this type was introduced
e1.r2	relation e1 → MoveDamageClass · Default damage class for this type
e1.r3	relation e1 → [Move] · Moves of this elemental type
e1.r4	relation e1 → [Pokemon] · Pokémon with this type
