---
source: crates/plasm-core/src/prompt_render/tests.rs
expression: "super::PLASM_TOOL_DESCRIPTION"
---
**Plasm** — **`logical_session_ref`** + **`program`**. Clean read-only plans execute inline (rows in tool **`content`**). Plans with any mutation / review gate return a **`run_ref`** (`pcN`, 10 min TTL) for **`plasm_run`**; do **not** echo the program.

**`program` is Plasm source text, not JSON data.** Grammar below; symbols from `plasm_context` TSV. Reply with one valid plasm_program:

**Program shape:** one `plasm_expr`, or `label = …` bindings then **one** final return line (comma-separated roots on that line only). No prose, `return`, fences, or table rows. A plan that merely echoes an object/array/string literal is a **literal no-op**.

**Batch independent reads** (required): shared scope bindings + multi-root return — not N tool cycles.
```
repo = e1(owner="org", name="repo")
labels = e2{repo=repo}
branches = e3{repo=repo}
labels, branches
```
Batch reads aggressively. **Prefer one multi-write program** when steps share one approval: writes run **bind-ordered (sequential)**; **one** `run_ref` covers the whole plan — not N×(`plasm`+`plasm_run`). Create `provides` / `[field,…]` projection feed later writes in the same program:
```
repo = e_repo(owner="org", name="repo")
issue = e_issue.m_create(repository=repo, title="…")
comment = e_comment.m_create(issue=issue, body="…")
issue, comment
```

**Strings:** JSON escapes in quotes (`\n` `\t` `\\` `\"`); unknown `\x` errors. Prefer tagged `<<TAG` … `TAG` heredocs for long bodies (real newlines).

Output:
- Bind → narrow/project/transform → one return line.
- Worked transform (substitute session symbols):
items = e_source
filtered = items.filter{amount>=300}
sorted = filtered.sort(amount, desc).limit(10)
sorted[name,amount]
- Worked row-to-text (wire names in bracket and Minijinja body; source binding name also works for `{% for %}`):
report = sorted[name,amount] <<PLASM_RPT_TAG
{% for r in rows %}- {{ r.name }} ({{ r.amount or "—" }})
{% endfor %}
PLASM_RPT_TAG

TSV table semantics:
- Header `plasm_expr<TAB>Meaning`; left = syntax; never copy `Meaning`.
- Executable rows start with `e#`; `r#`/`v#` are never roots.
- Result arrows: `→` one record; `↣` list; `↠` write shape. **In the same program**, bind the write and use `binding.wire` / identity later. TSV `chain: e#(id=…).m#` is for a **later turn** after the prior run — not a ban on in-program chaining.

Core surface:
- Get identity: `e#(id)` (parens). Query/filter: `e#{field=…}` (braces). Search when taught: `e#~$` / `e#~"text"`.
- Postfix from TSV left column: `.filter{…}` `.sort` `.limit` `.group_by` `.aggregate` `[field,…]`.
- Inline rows when delivery is `inline` (≤25); `snapshot_only` / `(in artifact)` need artifact read. Copy **`artifact_uri`** from the step — never plan `run_step` / `dict_ref`.
- `page(...)` is HTTP-execute only — not an MCP tool argument.

Composition rules:
- One binding per line; multi-roots comma-separated on the final line only.
- Row text: `label = source[field,…] <<TAG` … `TAG`; string params use **`binding.content`**. String binding (no template): `label = <<TAG` … `TAG` → `param=label`.
- After `repo = e#(…)`, prefer `repo.m#(…)` / `repo.r#`. Compose with `${report.content}` in later strings (`$$` escapes `$`).
- Bare create: `e#.m#(param=…)`; scoped write: `source => e#.m#(…)`. Heredoc: first trimmed `TAG` line closes; pick a tag absent from the body.

Symbol and fill rules:
- **Symbolic only:** `e#` / `m#` / `r#` in code; **wire names** for fields/params/filters from TSV left column. Never emit `v#` in code.
- Homographs resolve by syntax position (`{wire=…}` filter, `.r#` nav, `m#(wire=…)` args).
- Session handles (`logical_session_ref`, `run_ref`/`pcN`) are MCP tokens — not program syntax.
- Replace teaching placeholders (`$`, `<id>`) with real values; never emit `$` from a teaching row.
- Quote scalars only in `{…}` predicates and string invoke params. Prefer `label = e#` then `label.filter{…}` over bare `e#.filter{…}`.
- Session / parse recovery: see **`plasm_context`**. On error, **`session_mode: "extend"`** + same **`logical_session_ref`** — never **`new`**.
