---
source: crates/plasm-core/src/prompt_render/tests.rs
expression: tsv
---
plasm_expr	Meaning
v14	string
v4	rfc3339
v5	integer
v9	enum · ui, ocr, audio, document
app_name	v14
end_time	v4
limit	v5
start_time	v4
id	v5
content_type	v9
text_preview	v14
e1{limit=$, app_name=$, start_time=$, end_time=$}[id,content_type,text_preview]	↣ [e1] · projection · One capture pipeline item
e1(id=$, content_type=$)	→ e1
e1{limit=$, app_name=$, start_time=$, end_time=$}	↣ [e1] · optional: app_name,end_time,limit,start_time
v2	boolean
id	v14
screen_capture_running	v2
e2($)[id,screen_capture_running]	→ e2 · projection · Capture running or paused
e2.m3()	→ e2 · materialize
v6	number
v13	markdown
include_answers	v2
min_answer_similarity	v6
offset	v5
speaker_id	v5
unresolved_only	v2
question_text	v13
resolved	v2
e3{unresolved_only=$, app_name=$, speaker_id=$, include_answers=$, min_answer_similarity=$, limit=$, offset=$}[id,question_text,resolved]	↣ [e3] · projection · A detected question with optional answers
e3{unresolved_only=$, app_name=$, speaker_id=$, include_answers=$, min_answer_similarity=$, limit=$, offset=$}	↣ [e3] · optional: app_name,include_answers,limit,min_answer_similarity,offset,speaker_id,unres…
v3	iso8601_date
v7	enum · active, ended, cancelled
end_date	v3
start_date	v3
meeting_uuid	v14
meeting_id	v5
status	v7
summary	v13
e4{status=$, start_date=$, end_date=$, limit=$}[meeting_uuid,meeting_id,status,summary]	↣ [e4] · projection · A detected meeting
e4{status=$, start_date=$, end_date=$, limit=$}	↣ [e4] · optional: end_date,limit,start_date,status
e4($)	→ e4
v11	enum · debug, info, warning, error, critical
min_severity	v11
names	v14
sources	v14
name	v14
severity	v11
e5{names=$, sources=$, min_severity=$, limit=$}[id,name,severity]	↣ [e5] · projection · One pipeline bus event
e5{names=$, sources=$, min_severity=$, limit=$}	↣ [e5] · optional: limit,min_severity,names,sources
workers	v14
e6($)[id,workers]	→ e6 · projection · Pipeline health snapshot
e6.m8()	→ e6 · materialize
v12	enum · person, organisation, project
display_name	v14
profile_type	v12
r1	recorded_matches · Content scoped to this profile
e7{profile_type=$, limit=$}[id,display_name,profile_type]	↣ [e7] · projection · A person, organisation, or project profile
e7{profile_type=$, limit=$}	↣ [e7] · optional: limit,profile_type
e7($)	→ e7
e7{profile_type=$, limit=$}.r1	relation e7 ↣ [e9]
v1	array[integer]
meeting_ids	v1
slug	v14
e8.m11(slug=$, meeting_id=$, meeting_uuid=$, meeting_ids=[$], start_time=$, end_time=$)	↠ () · Action prompt execution result · optional: end_time,meeting_id,meeting_ids,meeting_uuid,start_time · prompt-run-create
v10	enum · auto, keyword, natural
v15	ref:Profile · integer
v8	enum · all, ocr, audio, ui
max_length	v5
min_length	v5
mode	v10
query	v14
captured_at	v4
content_type	v8
profile_id	v15
text	v13
window_name	v14
e9{profile_id=e7($), query=$, limit=$, mode=$}[id,app_name,captured_at,content_type,profile_id,text,window_name]	↣ [e9] · projection · A hit from full-text or profile-scoped search over captured OCR, transcripts, and UI text
e9{profile_id=e7($), query=$, limit=$, mode=$}	↣ [e9] · optional: limit,mode,query
e9~"text"	↣ [e9]
e9~"text"{content_type=$, limit=$, offset=$, start_time=$, end_time=$, app_name=$, window_name=$, min_length=$, max_length=$}	↣ [e9] · optional: app_name,content_type,end_time,limit,max_length,min_length,offset,start_time…
e9{profile_id=e7($), query=$, limit=$, mode=$}.profile_id	relation e9 → e7
