---
source: crates/plasm-core/src/prompt_render/mod.rs
expression: tsv
---
plasm_expr	Meaning
v5	ref:Document · Document slug or id this API uses
v10	markdown
v12	str · Short text
v9	json · JSON object
v1	str · Stable name for this agent on edits (shows in attribution)
v6	str · Event id from the pending collaboration stream—use for after= and ack up_to_id only
v3	str · Block id from your current snapshot. Refresh the snapshot after others edit before you reuse ids
v7	array[str] · New blocks in order from top to bottom
v8	int · Integer
p1	union · v210 | v211 | v212 · operations
p2	union · v101 | v102 | v103 | v104 | v105 | v106 | v107 · operations
p3	v1 · agent_id
p5	v3 · fromRef
p6	v3 · ref
p7	v3 · toRef
p11	v6 · up_to_id
p12	v7 · blocks
p13	v8 · base_revision
p18	v10 · markdown
p20	v10 · content
p22	v10 · quote
p23	v10 · report · Full bug report
p24	v10 · text
p26	v12 · mark_id
p28	v12 · by
p29	v12 · mark_id
p10	v5 · slug
p21	v10 · markdown
p34	v12 · title
p15	v9 · links · SDK link bundle (state, ops, docs). Wire key _links
p14	v9 · agent_auth · Auth hints from share JSON agent.auth (token source, header names)
r1	blocks · Blocks from the latest snapshot—use for edits that need stable block ids
r2	collaboration_events · Recent collaboration updates you have not acknowledged yet
v211{p26=$}	→ comment_resolve — Resolve a thread; keep history
v212{p26=$}	→ comment_unresolve — Unresolve a thread for more replies
v101{p6=$,p18=$}	→ replace_block — Replace one block’s markdown
v102{p6=$,p12=$}	→ insert_before — Insert blocks before the anchor block
v103{p6=$,p12=$}	→ insert_after — Insert blocks after the anchor block
v104{p6=$}	→ delete_block — Delete one block
v105{p5=$,p7=$,p12=$}	→ replace_range — Replace a range of blocks with new blocks
v14	union · v210 | v211 | v212
v15	union · v101 | v102 | v103 | v104 | v105 | v106 | v107
e1(p10)[p10,p21,p34,p15,p14]	→ e1 · projection · Read or edit a shared Proof document
e1(p10)	→ e1
e1(p10).m17()	→ e1 · opt: p32, p31 · Bind this session to a share URL or token for this slug. Later calls reuse st…
e1(p10).m1(p3=$, p28=$, p22=$, p24=$,..)	→ e1 · opt: p4, p31 · Start a comment thread on quoted text from the document
e1(p10).m2(p3=$, p28=$, p1=[$],..)	→ e1 · opt: p31, p4 · Apply several comment updates in one request
e1(p10).m3(p3=$, p28=$, p29=$, p24=$,..)	→ e1 · opt: p9, p4, p31 · Reply in a thread; optionally mark it resolved in the same step
e1(p10).m4(p3=$, p28=$, p29=$,..)	→ e1 · opt: p4, p31 · Mark a thread resolved; history stays visible
e1(p10).m5(p3=$, p28=$, p29=$,..)	→ e1 · opt: p4, p31 · Open a resolved thread for more discussion
e1(p10).m6(p3=$, p28=$, p29=$,..)	→ e1 · opt: p4, p31 · Accept a pending suggestion and apply it to the document
e1(p10).m7(p3=$, p28=$, p22=$,..)	→ e1 · opt: p4, p35, p31, p33 · Propose deleting a quoted passage for a human to accept or reject
e1(p10).m8(p3=$, p28=$, p22=$, p20=$,..)	→ e1 · opt: p4, p35, p31, p33 · Propose inserting text after a quoted passage for a human to accept or reject
e1(p10).m9(p3=$, p28=$, p29=$,..)	→ e1 · opt: p4, p31 · Reject a pending suggestion without changing the document body
e1(p10).m10(p3=$, p28=$, p22=$, p20=$,..)	→ e1 · opt: p4, p35, p31, p33 · Propose replacing a quoted passage with new content for a human to accept or …
e1(p10).m12(p3=$, p11=$, p28=$,..)	→ e1 · opt: p31 · Tell the server how far you read the collaboration event stream
e1(p10).m11(p23=$)	→ e1 · Report a bug and include this document as context
e1(p10).m13(p3=$, p28=$, p13=$, p2=[v101{p6=$,p18=$},v103{p6=$,p12=$}],..)	→ e1 · opt: p35, p31 · Apply one batch of block edits. Use base_revision from your latest snapshot (…
e1(p10).m16(p3=$,..)	→ e1 · opt: p30 · You MUST announce presence before you edit or comment—call this once per do…
e1(p10).r1	relation e1 → [Block]
e1(p10).r2	relation e1 → [CollaborationEvent]
