---
source: plasm-oss/crates/plasm-core/src/prompt_render.rs
expression: tsv
---
# Follow the grammar and the teaching TSV below; reply with one valid plasm_program:
#
# Output:
# - Emit only code: either one `plasm_expr`, or one multi-line `plasm_program` with bindings then final roots.
# - Do not emit prose, JSON wrappers, `return`, Markdown fences, or table rows.
# - Prefer bind → narrow/project/transform → few final roots when more than one step is needed.
#
# TSV table semantics:
# - Header is exactly `plasm_expr<TAB>Meaning`; every following row has exactly one tab delimiter.
# - Left cell is either executable syntax or metadata. Right cell is selection guidance only; never copy `Meaning` into output.
# - Executable rows start with an entity surface (`e#`/`Entity`). Copy their left-cell shape, then replace placeholders.
# - Metadata rows whose left cell is only `v#`/`value domain` define reusable value types. Metadata rows whose left cell is only `p#`/`field` define keyed slots. Metadata rows are never executable roots.
# - `Meaning` fragments joined by ` · ` stay inside `Meaning`; they are not operators.
#
# Symbol and fill rules:
# - `e#` = entity surface; `m#` = method/action surface; `p#` = keyed field/parameter/relation slot; `v#` = value-domain metadata only.
# - Entity-ref slots in `Meaning` look like `ref:Zone · str · Zone identifier`: canonical entity, id wire type, short note — not `plasm_expr` syntax.
# - Never write `v#` inside a `plasm_expr`. Use `p#` keys in code and use `v#` rows only to understand allowed values/types.
# - `$` appears only in taught examples as a required fill placeholder. Replace every `$`; never emit `$`.
# - `<id>`, `<value>`, `<receiver>`, and `elem` in this contract are meta-variables, not syntax tokens.
# - If a copied row contains `..`, it is an ellipsis for omitted optional keys. Remove `..` or replace it with additional `p#=<value>` assignments before final output.
# - If `Meaning` says `optional params: pA, pB`, those keys may be added only as keyed assignments with real values.
# - Projection rows ending `[p#,…]` teach a valid field set. Reuse that suffix only on another expression returning the same entity or list type.
# - Relation rows end with `.p#`/`.field`; apply them to any executable receiver row for that same entity type.
# - `page(sN_pgM)` uses a continuation handle returned by a prior response; copy the handle exactly and optionally add `, limit=N`.
#
# Grammar:
# plasm_program ::= plasm_expr | binding+ roots
# binding       ::= ident "=" node
# roots         ::= root ("," root)*
# root          ::= ident | plasm_expr
# node          ::= (plasm_expr | ident) postfix* row_template? | ident "=>" value_or_template
# plasm_expr    ::= entity_expr [projection] | page
# entity_expr   ::= query_all | get | query | relation | method | create_action | search
# query_all     ::= e#
# get           ::= e#(<id>) or e#(p#=<value>, p#=<value>)
# query         ::= e#{p#=<value>, …}
# relation      ::= <receiver>.p#
# method        ::= e#(<id>).m#() or e#(<id>).m#(p#=<value>, …)
# create_action ::= e#.m#(p#=<value>, …)
# search        ::= e#~"text"
# page          ::= page(sN_pgM) | page(sN_pgM, limit=N)
# projection    ::= e#(<id>)[p#,…] | "[" fields "]"
# postfix       ::= ".limit(N)" | ".page_size(N)" | ".sort(field[, dir])" | ".aggregate(specs)" | ".group_by(field, specs)" | ".singleton()" | "[" fields "]"
# row_template  ::= ("[" fields "]")? "<<TAG" template_body "TAG"
# fields        ::= [p#,…]
# specs         ::= name=count | name=sum(field) | name=avg(field) | name=min(field) | name=max(field) [, ...]
# dir           ::= desc | asc | descending | ascending
# value_or_template ::= literal | ident | ident.field | _.field | [elem, ...] | heredoc
# literal       ::= quoted string | number | bool | null
#
# Composition rules:
# - Multi-line program strings use literal newlines: one binding per line, final roots last. Spaces never separate statements.
# - Postfix transforms and `[fields]` may chain on any bound node or expression that returns rows.
# - To turn rows into text, bind a template block: `report = rows[p#,…] <<TAG` newline template newline `TAG`, or `report = rows <<TAG` when columns can be inferred.
# - Template blocks use Minijinja with `rows` as the input array. The bound result is a row with a `content` field; pass `report.content` to string/body parameters or `=>` payloads.
# - Do not use `report.content` as a final root or relation receiver. Return `report` if you want the generated text row; continue relations only from row-producing query/relation/projection bindings.
# - Heredoc opener `<<TAG` is followed by newline; the first later line whose trimmed text is `TAG` closes it. Choose a tag not present in the body.
# - Examples: scoped child list `e#{p#=e#(<id>)}`; array argument `p#=[e#(<id>), …]`. Quoted strings use only `\"` and `\\` escapes.
# - `markdown`/`html`/`document`/`json_text`/`blob` values (per `Meaning`): `<<TAG` … `TAG` only; e.g. `m#(..., p#=<<TXT` + newline body + `TXT` newline `)`.
#

plasm_expr	Meaning
v2	int
v1	select · ui, ocr, audio, document
v7	str
v5	int
v3	str
v6	date
v4	date
p6	v5 · limit
p4	v3 · app_name
p7	v6 · start_time
p5	v4 · end_time
p3	v2 · id
p2	v1 · content_type
p8	v7 · text_preview
e1[p3,p2,p8]	returns e1 · projection · One capture pipeline item
e1(p3=$, p2=$)	returns e1
e1{p6=$, p4=$, p7=$, p5=$}	returns [e1] · optional params: p6, p4, p7, p5
v8	str
v9	bool
p9	v8 · id
p10	v9 · screen_capture_running
e2($)[p9,p10]	returns e2 · projection · Capture running or paused
e2.m3()	returns e2
v10	str
v18	markdown
v19	bool
v17	bool
v11	str
v16	int
v12	bool
v14	float
v13	int
v15	int
p18	v17 · unresolved_only
p12	v11 · app_name
p17	v16 · speaker_id
p13	v12 · include_answers
p15	v14 · min_answer_similarity
p14	v13 · limit
p16	v15 · offset
p11	v10 · id
p19	v18 · question_text
p20	v19 · resolved
e3[p11,p19,p20]	returns e3 · projection · A detected question with optional answers
e3{p18=$, p12=$, p17=$, p13=$, p15=$, p14=$, p16=$}	returns [e3] · optional params: p18, p12, p17, p13, p15, p14, p16
v21	str
v20	int
v26	select · active, ended, cancelled
v27	markdown
v25	select · active, ended, cancelled
v24	date
v22	date
v23	int
p26	v25 · status
p25	v24 · start_date
p23	v22 · end_date
p24	v23 · limit
p22	v21 · meeting_uuid
p21	v20 · meeting_id
p27	v26 · status
p28	v27 · summary
e4[p22,p21,p27,p28]	returns e4 · projection · A detected meeting
e4{p26=$, p25=$, p23=$, p24=$}	returns [e4] · optional params: p26, p25, p23, p24
v28	str
v29	str
v34	select · debug, info, warning, error, critical
v32	str
v33	str
v31	select · debug, info, warning, error, critical
v30	int
p33	v32 · names
p34	v33 · sources
p32	v31 · min_severity
p31	v30 · limit
p29	v28 · id
p30	v29 · name
p35	v34 · severity
e5[p29,p30,p35]	returns e5 · projection · One pipeline bus event
e5{p33=$, p34=$, p32=$, p31=$}	returns [e5] · optional params: p33, p34, p32, p31
v35	str
v36	str
p36	v35 · id
p37	v36 · workers
e6($)[p36,p37]	returns e6 · projection · Pipeline health snapshot
e6.m8()	returns e6
v38	int
v37	str
v39	select · person, organisation, project
v41	select · person, organisation, project
v40	int
p42	v41 · profile_type
p41	v40 · limit
p39	v38 · id
p38	v37 · display_name
p40	v39 · profile_type
e7[p39,p38,p40]	returns e7 · projection · A person, organisation, or project profile
e7{p42=$, p41=$}	returns [e7] · optional params: p42, p41
e7{p42=$, p41=$}.p1	relation e7 => [e9] · Content scoped to this profile
v46	str
v43	int
v45	str
v44	array[int]
v47	date
v42	date
p47	v46 · slug
p45	v43 · meeting_id
p46	v45 · meeting_uuid
p44	v44 · meeting_ids
p48	v47 · start_time
p43	v42 · end_time
e8.m11(p47=$,..)	returns () · Action prompt execution result · optional params: p45, p46, p44, p48, p43 · prompt-run-create
v58	ref:Profile · int
v59	str
v56	int
v57	select · auto, keyword, natural
v54	str
v51	str
v52	date
v53	select · all, ocr, audio, ui
v55	ref:Profile · int
v70	markdown
v71	str
v61	select · all, ocr, audio, ui
v63	int
v66	int
v68	date
v62	date
v60	str
v69	str
v65	int
v64	int
p59	v58 · profile_id
p60	v59 · query
p57	v56 · limit
p58	v57 · mode
p62	v61 · content_type
p64	v63 · limit
p67	v66 · offset
p69	v68 · start_time
p63	v62 · end_time
p61	v60 · app_name
p70	v69 · window_name
p66	v65 · min_length
p65	v64 · max_length
p55	v54 · id
p52	v51 · app_name
p53	v52 · captured_at
p54	v53 · content_type
p56	v55 · profile_id
p71	v70 · text
p72	v71 · window_name
e9{p59=e7($), p60=$, p57=$, p58=$}[p55,p52,p53,p54,p56,p71,p72]	returns [e9] · projection · A hit from full-text or profile-scoped search over captured OCR, transcripts, and UI text
e9{p59=e7($), p60=$, p57=$, p58=$}	returns [e9] · optional params: p60, p57, p58
e9~$	returns [e9] · optional params: p62, p64, p67, p69, p63, p61, p70, p66, p65
e9{p59=e7($), p60=$, p57=$, p58=$}.p56	relation e9 => e7
